// Jest Snapshot v1, https://goo.gl/fbAQLP

exports[`CurrentChannel component 1`] = `
<DocumentFragment>
  .emotion-1 {
  display: -webkit-box;
  display: -webkit-flex;
  display: -ms-flexbox;
  display: flex;
  padding: 1rem .5rem;
  box-sizing: border-box;
  height: 4rem;
  -webkit-align-items: center;
  -webkit-box-align: center;
  -ms-flex-align: center;
  align-items: center;
}

.emotion-0 {
  font-size: 1.2rem;
  font-weight: 500;
}

<div
    class="emotion-1"
  >
    <strong
      class="emotion-0"
    >
      # general
    </strong>
  </div>
</DocumentFragment>
`;
